// Jest Snapshot v1, https://goo.gl/fbAQLP

exports[`Form matches the snapshot 1`] = `
<tr
  className="MuiTableRow-root css-o2zb70-MuiTableRow-root"
  data-testid="session_list_table_item"
  role={null}
>
  <td
    aria-sort={null}
    className="MuiTableCell-root MuiTableCell-sizeMedium css-io405h-MuiTableCell-root"
  >
    basement
  </td>
  <td
    aria-sort={null}
    className="MuiTableCell-root MuiTableCell-sizeMedium css-io405h-MuiTableCell-root"
  >
    saturday
    -
    21/05/2022
  </td>
  <td
    aria-sort={null}
    className="MuiTableCell-root MuiTableCell-sizeMedium css-io405h-MuiTableCell-root"
  >
    10:30 - 12:30
  </td>
  <td
    aria-sort={null}
    className="MuiTableCell-root MuiTableCell-alignRight MuiTableCell-sizeMedium css-11fwb4b-MuiTableCell-root"
  >
    <button
      className="MuiButton-root MuiButton-contained MuiButton-containedPrimary MuiButton-sizeMedium MuiButton-containedSizeMedium MuiButtonBase-root  css-sghohy-MuiButtonBase-root-MuiButton-root"
      disabled={false}
      onBlur={[Function]}
      onClick={[Function]}
      onContextMenu={[Function]}
      onDragLeave={[Function]}
      onFocus={[Function]}
      onKeyDown={[Function]}
      onKeyUp={[Function]}
      onMouseDown={[Function]}
      onMouseLeave={[Function]}
      onMouseUp={[Function]}
      onTouchEnd={[Function]}
      onTouchMove={[Function]}
      onTouchStart={[Function]}
      tabIndex={0}
      type="submit"
    >
      <svg
        aria-hidden={true}
        className="MuiSvgIcon-root MuiSvgIcon-fontSizeMedium css-i4bv87-MuiSvgIcon-root"
        data-testid="EventAvailableIcon"
        focusable="false"
        viewBox="0 0 24 24"
      >
        <path
          d="M16.53 11.06 15.47 10l-4.88 4.88-2.12-2.12-1.06 1.06L10.59 17l5.94-5.94zM19 3h-1V1h-2v2H8V1H6v2H5c-1.11 0-1.99.9-1.99 2L3 19c0 1.1.89 2 2 2h14c1.1 0 2-.9 2-2V5c0-1.1-.9-2-2-2zm0 16H5V8h14v11z"
        />
      </svg>
    </button>
  </td>
</tr>
`;
