// Jest Snapshot v1, https://goo.gl/fbAQLP

exports[`Form matches the snapshot 1`] = `
<div
  className="MuiTableContainer-root css-rorn0c-MuiTableContainer-root"
>
  <table
    className="MuiTable-root css-rqglhn-MuiTable-root"
    role={null}
  >
    <thead
      className="MuiTableHead-root css-15wwp11-MuiTableHead-root"
      role={null}
    >
      <tr
        className="MuiTableRow-root MuiTableRow-head css-1q1u3t4-MuiTableRow-root"
        role={null}
      >
        <th
          aria-sort={null}
          className="MuiTableCell-root MuiTableCell-head MuiTableCell-sizeMedium css-1lxfooz-MuiTableCell-root"
          scope="col"
        >
          Gym
        </th>
        <th
          aria-sort={null}
          className="MuiTableCell-root MuiTableCell-head MuiTableCell-sizeMedium css-1lxfooz-MuiTableCell-root"
          scope="col"
        >
          Day
        </th>
        <th
          aria-sort={null}
          className="MuiTableCell-root MuiTableCell-head MuiTableCell-sizeMedium css-1lxfooz-MuiTableCell-root"
          scope="col"
        >
          Time
        </th>
        <th
          aria-sort={null}
          className="MuiTableCell-root MuiTableCell-head MuiTableCell-alignRight MuiTableCell-sizeMedium css-12l4dq2-MuiTableCell-root"
          scope="col"
        >
          Schedule
        </th>
      </tr>
    </thead>
    <tr
      className="MuiTableRow-root css-1q1u3t4-MuiTableRow-root"
      role={null}
    >
      <td
        aria-sort={null}
        className="MuiTableCell-root MuiTableCell-sizeMedium css-bsph2u-MuiTableCell-root"
        colSpan="6"
      />
    </tr>
  </table>
</div>
`;
